../Core/Src/main.c:118:5:main	16	static,ignoring_inline_asm
../Core/Src/main.c:225:6:SystemClock_Config	120	static
../Core/Src/main.c:289:6:PeriphCommonClock_Config	192	static
../Core/Src/main.c:308:13:MX_ADC1_Init	56	static
../Core/Src/main.c:378:13:MX_ADC2_Init	48	static
../Core/Src/main.c:435:13:MX_TIM6_Init	24	static
../Core/Src/main.c:473:13:MX_USART1_UART_Init	8	static
../Core/Src/main.c:519:13:MX_DMA_Init	16	static
../Core/Src/main.c:537:13:MX_GPIO_Init	40	static
../Core/Src/main.c:563:6:HAL_ADC_ConvCpltCallback	16	static
../Core/Src/main.c:569:1:__io_putchar	16	static
../Core/Src/main.c:579:6:Error_Handler	4	static,ignoring_inline_asm
